  console.log
    NestJS server is already running on port 3001. Skipping spawn.

      at Object.<anonymous> (e2e-setup.ts:12:15)

  console.log
    NestJS server is already running on port 3001. Skipping spawn.

      at Object.<anonymous> (e2e-setup.ts:12:15)

  console.log
    NestJS server is already running on port 3001. Skipping spawn.

      at Object.<anonymous> (e2e-setup.ts:12:15)

  console.log
    NestJS server is already running on port 3001. Skipping spawn.

      at Object.<anonymous> (e2e-setup.ts:12:15)

  console.log
    NestJS server is already running on port 3001. Skipping spawn.

      at Object.<anonymous> (e2e-setup.ts:12:15)

  console.log
    NestJS server is already running on port 3001. Skipping spawn.

      at Object.<anonymous> (e2e-setup.ts:12:15)

